../Core/Src/syscalls.c:46:6:ITM_SendChar	0	static
../Core/Src/syscalls.c:73:6:initialise_monitor_handles	0	static
../Core/Src/syscalls.c:77:5:_getpid	0	static
../Core/Src/syscalls.c:82:5:_kill	8	static
../Core/Src/syscalls.c:90:6:_exit	8	static
../Core/Src/syscalls.c:96:27:_read	16	static
../Core/Src/syscalls.c:109:27:_write	16	static
../Core/Src/syscalls.c:121:5:_close	0	static
../Core/Src/syscalls.c:128:5:_fstat	0	static
../Core/Src/syscalls.c:135:5:_isatty	0	static
../Core/Src/syscalls.c:141:5:_lseek	0	static
../Core/Src/syscalls.c:149:5:_open	0	static
../Core/Src/syscalls.c:157:5:_wait	8	static
../Core/Src/syscalls.c:164:5:_unlink	8	static
../Core/Src/syscalls.c:171:5:_times	0	static
../Core/Src/syscalls.c:177:5:_stat	0	static
../Core/Src/syscalls.c:184:5:_link	8	static
../Core/Src/syscalls.c:192:5:_fork	8	static
../Core/Src/syscalls.c:198:5:_execve	8	static
